// Vitest Snapshot v1

exports[`ci > tests harlanzw.com 1`] = `
[
  {
    "path": "/",
    "score": 0.97,
  },
  {
    "path": "/about/",
    "score": 0.98,
  },
  {
    "path": "/blog/how-the-heck-does-vite-work/",
    "score": 0.93,
  },
  {
    "path": "/blog/scale-your-vue-components/",
    "score": 0.92,
  },
  {
    "path": "/blog/vue-automatic-component-imports/",
    "score": 0.97,
  },
  {
    "path": "/contact/",
    "score": 0.98,
  },
  {
    "path": "/open-blogging/",
    "score": 0.98,
  },
  {
    "path": "/subscribe/",
    "score": 0.98,
  },
]
`;
